13:44:13 **** Incremental Build of configuration Debug for project UART_TX_RX ****
make -j8 all 
arm-none-eabi-gcc "../Core/Src/main.c" -mcpu=cortex-m7 -std=gnu11 -g3 -DDEBUG -DUSE_HAL_DRIVER -DSTM32F767xx -c -I../Core/Inc -I../Drivers/STM32F7xx_HAL_Driver/Inc -I../Drivers/STM32F7xx_HAL_Driver/Inc/Legacy -I../Drivers/CMSIS/Device/ST/STM32F7xx/Include -I../Drivers/CMSIS/Include -O0 -ffunction-sections -fdata-sections -Wall -fstack-usage -fcyclomatic-complexity -MMD -MP -MF"Core/Src/main.d" -MT"Core/Src/main.o" --specs=nano.specs -mfpu=fpv5-d16 -mfloat-abi=hard -mthumb -o "Core/Src/main.o"
arm-none-eabi-gcc -o "UART_TX_RX.elf" @"objects.list"   -mcpu=cortex-m7 -T"D:\Solomon\SelfLearning\Embedded\Posha\UART_TX_RX\STM32F767ZITX_FLASH.ld" --specs=nosys.specs -Wl,-Map="UART_TX_RX.map" -Wl,--gc-sections -static --specs=nano.specs -mfpu=fpv5-d16 -mfloat-abi=hard -mthumb -Wl,--start-group -lc -lm -Wl,--end-group
Finished building target: UART_TX_RX.elf
 
arm-none-eabi-size  UART_TX_RX.elf 
arm-none-eabi-objdump -h -S UART_TX_RX.elf  > "UART_TX_RX.list"
   text	   data	    bss	    dec	    hex	filename
  27068	    428	   5644	  33140	   8174	UART_TX_RX.elf
Finished building: default.size.stdout
 
Finished building: UART_TX_RX.list
 
13:46:22 **** Incremental Build of configuration Debug for project UART_TX_RX ****
make -j8 all 
arm-none-eabi-size  UART_TX_RX.elf 
   text	   data	    bss	    dec	    hex	filename
  27068	    428	   5644	  33140	   8174	UART_TX_RX.elf
Finished building: default.size.stdout
 
13:50:38 **** Incremental Build of configuration Debug for project UART_TX_RX ****
make -j8 all 
arm-none-eabi-size  UART_TX_RX.elf 
   text	   data	    bss	    dec	    hex	filename
  27068	    428	   5644	  33140	   8174	UART_TX_RX.elf
Finished building: default.size.stdout
 
16:29:12 **** Build of configuration Debug for project UART_TX_RX ****
make -j8 all 
arm-none-eabi-gcc "../Core/Src/main.c" -mcpu=cortex-m7 -std=gnu11 -g3 -DDEBUG -DUSE_HAL_DRIVER -DSTM32F767xx -c -I../Core/Inc -I../Drivers/STM32F7xx_HAL_Driver/Inc -I../Drivers/STM32F7xx_HAL_Driver/Inc/Legacy -I../Drivers/CMSIS/Device/ST/STM32F7xx/Include -I../Drivers/CMSIS/Include -O0 -ffunction-sections -fdata-sections -Wall -fstack-usage -fcyclomatic-complexity -MMD -MP -MF"Core/Src/main.d" -MT"Core/Src/main.o" --specs=nano.specs -mfpu=fpv5-d16 -mfloat-abi=hard -mthumb -o "Core/Src/main.o"
arm-none-eabi-gcc -o "UART_TX_RX.elf" @"objects.list"   -mcpu=cortex-m7 -T"D:\Solomon\SelfLearning\Embedded\Posha\UART_TX_RX\STM32F767ZITX_FLASH.ld" --specs=nosys.specs -Wl,-Map="UART_TX_RX.map" -Wl,--gc-sections -static --specs=nano.specs -mfpu=fpv5-d16 -mfloat-abi=hard -mthumb -Wl,--start-group -lc -lm -Wl,--end-group
Finished building target: UART_TX_RX.elf
 
arm-none-eabi-size  UART_TX_RX.elf 
arm-none-eabi-objdump -h -S UART_TX_RX.elf  > "UART_TX_RX.list"
   text	   data	    bss	    dec	    hex	filename
  27064	    428	   5644	  33136	   8170	UART_TX_RX.elf
Finished building: default.size.stdout
 
Finished building: UART_TX_RX.list
 
16:36:44 **** Incremental Build of configuration Debug for project UART_TX_RX ****
make -j8 all 
arm-none-eabi-gcc "../Core/Src/main.c" -mcpu=cortex-m7 -std=gnu11 -g3 -DDEBUG -DUSE_HAL_DRIVER -DSTM32F767xx -c -I../Core/Inc -I../Drivers/STM32F7xx_HAL_Driver/Inc -I../Drivers/STM32F7xx_HAL_Driver/Inc/Legacy -I../Drivers/CMSIS/Device/ST/STM32F7xx/Include -I../Drivers/CMSIS/Include -O0 -ffunction-sections -fdata-sections -Wall -fstack-usage -fcyclomatic-complexity -MMD -MP -MF"Core/Src/main.d" -MT"Core/Src/main.o" --specs=nano.specs -mfpu=fpv5-d16 -mfloat-abi=hard -mthumb -o "Core/Src/main.o"
arm-none-eabi-gcc -o "UART_TX_RX.elf" @"objects.list"   -mcpu=cortex-m7 -T"D:\Solomon\SelfLearning\Embedded\Posha\UART_TX_RX\STM32F767ZITX_FLASH.ld" --specs=nosys.specs -Wl,-Map="UART_TX_RX.map" -Wl,--gc-sections -static --specs=nano.specs -mfpu=fpv5-d16 -mfloat-abi=hard -mthumb -Wl,--start-group -lc -lm -Wl,--end-group
Finished building target: UART_TX_RX.elf
 
arm-none-eabi-size  UART_TX_RX.elf 
arm-none-eabi-objdump -h -S UART_TX_RX.elf  > "UART_TX_RX.list"
   text	   data	    bss	    dec	    hex	filename
  25156	    428	   5636	  31220	   79f4	UART_TX_RX.elf
Finished building: default.size.stdout
 
Finished building: UART_TX_RX.list
 
16:38:49 **** Incremental Build of configuration Debug for project UART_TX_RX ****
make -j8 all 
arm-none-eabi-size  UART_TX_RX.elf 
   text	   data	    bss	    dec	    hex	filename
  25156	    428	   5636	  31220	   79f4	UART_TX_RX.elf
Finished building: default.size.stdout
 
16:40:35 **** Incremental Build of configuration Debug for project UART_TX_RX ****
make -j8 all 
arm-none-eabi-gcc "../Core/Src/main.c" -mcpu=cortex-m7 -std=gnu11 -g3 -DDEBUG -DUSE_HAL_DRIVER -DSTM32F767xx -c -I../Core/Inc -I../Drivers/STM32F7xx_HAL_Driver/Inc -I../Drivers/STM32F7xx_HAL_Driver/Inc/Legacy -I../Drivers/CMSIS/Device/ST/STM32F7xx/Include -I../Drivers/CMSIS/Include -O0 -ffunction-sections -fdata-sections -Wall -fstack-usage -fcyclomatic-complexity -MMD -MP -MF"Core/Src/main.d" -MT"Core/Src/main.o" --specs=nano.specs -mfpu=fpv5-d16 -mfloat-abi=hard -mthumb -o "Core/Src/main.o"
arm-none-eabi-gcc -o "UART_TX_RX.elf" @"objects.list"   -mcpu=cortex-m7 -T"D:\Solomon\SelfLearning\Embedded\Posha\UART_TX_RX\STM32F767ZITX_FLASH.ld" --specs=nosys.specs -Wl,-Map="UART_TX_RX.map" -Wl,--gc-sections -static --specs=nano.specs -mfpu=fpv5-d16 -mfloat-abi=hard -mthumb -Wl,--start-group -lc -lm -Wl,--end-group
Finished building target: UART_TX_RX.elf
 
arm-none-eabi-size  UART_TX_RX.elf 
arm-none-eabi-objdump -h -S UART_TX_RX.elf  > "UART_TX_RX.list"
   text	   data	    bss	    dec	    hex	filename
  27008	    428	   5644	  33080	   8138	UART_TX_RX.elf
Finished building: default.size.stdout
 
Finished building: UART_TX_RX.list
 
16:41:48 **** Incremental Build of configuration Debug for project UART_TX_RX ****
make -j8 all 
arm-none-eabi-size  UART_TX_RX.elf 
   text	   data	    bss	    dec	    hex	filename
  27008	    428	   5644	  33080	   8138	UART_TX_RX.elf
Finished building: default.size.stdout
 
16:46:22 **** Incremental Build of configuration Debug for project UART_TX_RX ****
make -j8 all 
arm-none-eabi-gcc "../Core/Src/main.c" -mcpu=cortex-m7 -std=gnu11 -g3 -DDEBUG -DUSE_HAL_DRIVER -DSTM32F767xx -c -I../Core/Inc -I../Drivers/STM32F7xx_HAL_Driver/Inc -I../Drivers/STM32F7xx_HAL_Driver/Inc/Legacy -I../Drivers/CMSIS/Device/ST/STM32F7xx/Include -I../Drivers/CMSIS/Include -O0 -ffunction-sections -fdata-sections -Wall -fstack-usage -fcyclomatic-complexity -MMD -MP -MF"Core/Src/main.d" -MT"Core/Src/main.o" --specs=nano.specs -mfpu=fpv5-d16 -mfloat-abi=hard -mthumb -o "Core/Src/main.o"
arm-none-eabi-gcc -o "UART_TX_RX.elf" @"objects.list"   -mcpu=cortex-m7 -T"D:\Solomon\SelfLearning\Embedded\Posha\UART_TX_RX\STM32F767ZITX_FLASH.ld" --specs=nosys.specs -Wl,-Map="UART_TX_RX.map" -Wl,--gc-sections -static --specs=nano.specs -mfpu=fpv5-d16 -mfloat-abi=hard -mthumb -Wl,--start-group -lc -lm -Wl,--end-group
Finished building target: UART_TX_RX.elf
 
arm-none-eabi-size  UART_TX_RX.elf 
arm-none-eabi-objdump -h -S UART_TX_RX.elf  > "UART_TX_RX.list"
   text	   data	    bss	    dec	    hex	filename
  27044	    428	   5644	  33116	   815c	UART_TX_RX.elf
Finished building: default.size.stdout
 
Finished building: UART_TX_RX.list
 
