10:11:06 **** Incremental Build of configuration Debug for project UART_TX_RX ****
make -j8 all 
arm-none-eabi-gcc "../Core/Src/flash_store_data.c" -mcpu=cortex-m7 -std=gnu11 -g3 -DDEBUG -DUSE_HAL_DRIVER -DSTM32F767xx -c -I../Core/Inc -I../Drivers/STM32F7xx_HAL_Driver/Inc -I../Drivers/STM32F7xx_HAL_Driver/Inc/Legacy -I../Drivers/CMSIS/Device/ST/STM32F7xx/Include -I../Drivers/CMSIS/Include -O0 -ffunction-sections -fdata-sections -Wall -fstack-usage -fcyclomatic-complexity -MMD -MP -MF"Core/Src/flash_store_data.d" -MT"Core/Src/flash_store_data.o" --specs=nano.specs -mfpu=fpv5-d16 -mfloat-abi=hard -mthumb -o "Core/Src/flash_store_data.o"
arm-none-eabi-gcc "../Core/Src/main.c" -mcpu=cortex-m7 -std=gnu11 -g3 -DDEBUG -DUSE_HAL_DRIVER -DSTM32F767xx -c -I../Core/Inc -I../Drivers/STM32F7xx_HAL_Driver/Inc -I../Drivers/STM32F7xx_HAL_Driver/Inc/Legacy -I../Drivers/CMSIS/Device/ST/STM32F7xx/Include -I../Drivers/CMSIS/Include -O0 -ffunction-sections -fdata-sections -Wall -fstack-usage -fcyclomatic-complexity -MMD -MP -MF"Core/Src/main.d" -MT"Core/Src/main.o" --specs=nano.specs -mfpu=fpv5-d16 -mfloat-abi=hard -mthumb -o "Core/Src/main.o"
arm-none-eabi-gcc -o "UART_TX_RX.elf" @"objects.list"   -mcpu=cortex-m7 -T"D:\Solomon\SelfLearning\Embedded\Posha\UART_TX_RX\STM32F767ZITX_FLASH.ld" --specs=nosys.specs -Wl,-Map="UART_TX_RX.map" -Wl,--gc-sections -static --specs=nano.specs -mfpu=fpv5-d16 -mfloat-abi=hard -mthumb -Wl,--start-group -lc -lm -Wl,--end-group
Finished building target: UART_TX_RX.elf
 
arm-none-eabi-size  UART_TX_RX.elf 
arm-none-eabi-objdump -h -S UART_TX_RX.elf  > "UART_TX_RX.list"
   text	   data	    bss	    dec	    hex	filename
  26984	    428	   5644	  33056	   8120	UART_TX_RX.elf
Finished building: default.size.stdout
 
Finished building: UART_TX_RX.list
 

10:11:08 Build Finished. 0 errors, 0 warnings. (took 2s.117ms)

